Archive member included to satisfy reference by file (symbol)

c:/program files/microchip/xc8/v2.45/avr/bin/../lib/gcc/avr/5.4.0/../../../../avr/lib/avrxmega4/memx-const\libm.a(floatsisf.o)
                              build/free/production/main.o (__floatunsisf)
c:/program files/microchip/xc8/v2.45/avr/bin/../lib/gcc/avr/5.4.0/../../../../avr/lib/avrxmega4/memx-const\libm.a(mulsf3.o)
                              build/free/production/main.o (__mulsf3)
c:/program files/microchip/xc8/v2.45/avr/bin/../lib/gcc/avr/5.4.0/../../../../avr/lib/avrxmega4/memx-const\libm.a(mulsf3x.o)
                              c:/program files/microchip/xc8/v2.45/avr/bin/../lib/gcc/avr/5.4.0/../../../../avr/lib/avrxmega4/memx-const\libm.a(mulsf3.o) (__mulsf3x)
c:/program files/microchip/xc8/v2.45/avr/bin/../lib/gcc/avr/5.4.0/../../../../avr/lib/avrxmega4/memx-const\libm.a(fp_inf.o)
                              c:/program files/microchip/xc8/v2.45/avr/bin/../lib/gcc/avr/5.4.0/../../../../avr/lib/avrxmega4/memx-const\libm.a(mulsf3x.o) (__fp_inf)
c:/program files/microchip/xc8/v2.45/avr/bin/../lib/gcc/avr/5.4.0/../../../../avr/lib/avrxmega4/memx-const\libm.a(fp_nan.o)
                              c:/program files/microchip/xc8/v2.45/avr/bin/../lib/gcc/avr/5.4.0/../../../../avr/lib/avrxmega4/memx-const\libm.a(mulsf3x.o) (__fp_nan)
c:/program files/microchip/xc8/v2.45/avr/bin/../lib/gcc/avr/5.4.0/../../../../avr/lib/avrxmega4/memx-const\libm.a(fp_pscA.o)
                              c:/program files/microchip/xc8/v2.45/avr/bin/../lib/gcc/avr/5.4.0/../../../../avr/lib/avrxmega4/memx-const\libm.a(mulsf3x.o) (__fp_pscA)
c:/program files/microchip/xc8/v2.45/avr/bin/../lib/gcc/avr/5.4.0/../../../../avr/lib/avrxmega4/memx-const\libm.a(fp_pscB.o)
                              c:/program files/microchip/xc8/v2.45/avr/bin/../lib/gcc/avr/5.4.0/../../../../avr/lib/avrxmega4/memx-const\libm.a(mulsf3x.o) (__fp_pscB)
c:/program files/microchip/xc8/v2.45/avr/bin/../lib/gcc/avr/5.4.0/../../../../avr/lib/avrxmega4/memx-const\libm.a(fp_round.o)
                              c:/program files/microchip/xc8/v2.45/avr/bin/../lib/gcc/avr/5.4.0/../../../../avr/lib/avrxmega4/memx-const\libm.a(mulsf3.o) (__fp_round)
c:/program files/microchip/xc8/v2.45/avr/bin/../lib/gcc/avr/5.4.0/../../../../avr/lib/avrxmega4/memx-const\libm.a(fp_split3.o)
                              c:/program files/microchip/xc8/v2.45/avr/bin/../lib/gcc/avr/5.4.0/../../../../avr/lib/avrxmega4/memx-const\libm.a(mulsf3x.o) (__fp_split3)
c:/program files/microchip/xc8/v2.45/avr/bin/../lib/gcc/avr/5.4.0/../../../../avr/lib/avrxmega4/memx-const\libm.a(fp_zero.o)
                              c:/program files/microchip/xc8/v2.45/avr/bin/../lib/gcc/avr/5.4.0/../../../../avr/lib/avrxmega4/memx-const\libm.a(mulsf3x.o) (__fp_szero)
c:/program files/microchip/xc8/v2.45/avr/bin/../lib/gcc/avr/5.4.0/avrxmega4/memx-const\libgcc.a(_copy_data.o)
                              build/free/production/mcc_generated_files/system/src/config_bits.o (__do_copy_data)
c:/program files/microchip/xc8/v2.45/avr/bin/../lib/gcc/avr/5.4.0/../../../../avr/lib/avrxmega4/memx-const\libc.a(exit.o)
                              C:/Program Files/Microchip/MPLABX/v6.15/packs/Microchip/AVR-Dx_DFP/2.3.272/xc8/avr/lib/avrxmega4/memx-const/crtavr128db48.o (exit)
c:/program files/microchip/xc8/v2.45/avr/bin/../lib/gcc/avr/5.4.0/../../../../avr/lib/avrxmega4/memx-const\libc.a(__sio_printf_fs.o)
                              build/free/production/main.o (_printf_fFs)
c:/program files/microchip/xc8/v2.45/avr/bin/../lib/gcc/avr/5.4.0/../../../../avr/lib/avrxmega4/memx-const\libc.a(__fmt_fp.o)
                              c:/program files/microchip/xc8/v2.45/avr/bin/../lib/gcc/avr/5.4.0/../../../../avr/lib/avrxmega4/memx-const\libc.a(__sio_printf_fs.o) (__fmt_f_needed)
c:/program files/microchip/xc8/v2.45/avr/bin/../lib/gcc/avr/5.4.0/../../../../avr/lib/avrxmega4/memx-const\libc.a(__fmt_s.o)
                              c:/program files/microchip/xc8/v2.45/avr/bin/../lib/gcc/avr/5.4.0/../../../../avr/lib/avrxmega4/memx-const\libc.a(__sio_printf_fs.o) (__fmt_s_needed)
c:/program files/microchip/xc8/v2.45/avr/bin/../lib/gcc/avr/5.4.0/../../../../avr/lib/avrxmega4/memx-const\libc.a(__printf_core.o)
                              c:/program files/microchip/xc8/v2.45/avr/bin/../lib/gcc/avr/5.4.0/../../../../avr/lib/avrxmega4/memx-const\libc.a(__fmt_fp.o) (__pad)
c:/program files/microchip/xc8/v2.45/avr/bin/../lib/gcc/avr/5.4.0/../../../../avr/lib/avrxmega4/memx-const\libc.a(fputc.o)
                              c:/program files/microchip/xc8/v2.45/avr/bin/../lib/gcc/avr/5.4.0/../../../../avr/lib/avrxmega4/memx-const\libc.a(__printf_core.o) (fputc)
c:/program files/microchip/xc8/v2.45/avr/bin/../lib/gcc/avr/5.4.0/../../../../avr/lib/avrxmega4/memx-const\libc.a(stdout.o)
                              build/free/production/mcc_generated_files/uart/src/usart3.o (_stdout)
[...]
Memory Configuration

Name             Origin             Length             Attributes
text             0x0000000000000000 0x0000000000020000 xr
data             0x0000000000804000 0x0000000000004000 rw !x
eeprom           0x0000000000810000 0x0000000000000200 rw !x
fuse             0x0000000000820000 0x0000000000000010 rw !x
lock             0x0000000000830000 0x0000000000000400 rw !x
signature        0x0000000000840000 0x0000000000000400 rw !x
user_signatures  0x0000000000850000 0x0000000000000400 rw !x
bootrow          0x0000000000860000 0x0000000000000400 rw !x
*default*        0x0000000000000000 0xffffffffffffffff

Linker script and memory map

Address of section .data set to 0x804000
                0x0000000000008000                __RODATA_PM_OFFSET__ = 0x8000
LOAD C:/Program Files/Microchip/MPLABX/v6.15/packs/Microchip/AVR-Dx_DFP/2.3.272/xc8/avr/lib/avrxmega4/memx-const/crtavr128db48.o
                0x0000000000000001                __MPLAB_BUILD = 0x1
LOAD build/free/production/mcc_generated_files/adc/src/adc0.o
LOAD build/free/production/mcc_generated_files/ccl/src/ccl.o
LOAD build/free/production/mcc_generated_files/evsys/src/evsys.o
LOAD build/free/production/mcc_generated_files/opamp/src/opamp.o
LOAD build/free/production/mcc_generated_files/system/src/system.o
LOAD build/free/production/mcc_generated_files/system/src/interrupt.o
LOAD build/free/production/mcc_generated_files/system/src/pins.o
LOAD build/free/production/mcc_generated_files/system/src/protected_io.o
LOAD build/free/production/mcc_generated_files/system/src/config_bits.o
LOAD build/free/production/mcc_generated_files/system/src/clock.o
LOAD build/free/production/mcc_generated_files/timer/src/rtc.o
LOAD build/free/production/mcc_generated_files/uart/src/usart3.o
LOAD build/free/production/mcc_generated_files/vref/src/vref.o
LOAD build/free/production/main.o
LOAD build/free/production/ADCPrint.o
START GROUP
LOAD c:/program files/microchip/xc8/v2.45/avr/bin/../lib/gcc/avr/5.4.0/../../../../avr/lib/avrxmega4/memx-const\libm.a
END GROUP
START GROUP
LOAD c:/program files/microchip/xc8/v2.45/avr/bin/../lib/gcc/avr/5.4.0/avrxmega4/memx-const\libgcc.a
LOAD c:/program files/microchip/xc8/v2.45/avr/bin/../lib/gcc/avr/5.4.0/../../../../avr/lib/avrxmega4/memx-const\libm.a
LOAD c:/program files/microchip/xc8/v2.45/avr/bin/../lib/gcc/avr/5.4.0/../../../../avr/lib/avrxmega4/memx-const\libc.a
LOAD C:/Program Files/Microchip/MPLABX/v6.15/packs/Microchip/AVR-Dx_DFP/2.3.272/xc8/avr/lib/avrxmega4/memx-const\libavr128db48.a
END GROUP
                [0x0000000000000000]                __TEXT_REGION_ORIGIN__ = DEFINED (__TEXT_REGION_ORIGIN__)?__TEXT_REGION_ORIGIN__:0x0
                [0x0000000000804000]                __DATA_REGION_ORIGIN__ = DEFINED (__DATA_REGION_ORIGIN__)?__DATA_REGION_ORIGIN__:0x802000
                [0x0000000000020000]                __TEXT_REGION_LENGTH__ = DEFINED (__TEXT_REGION_LENGTH__)?__TEXT_REGION_LENGTH__:0x100000
                [0x0000000000004000]                __DATA_REGION_LENGTH__ = DEFINED (__DATA_REGION_LENGTH__)?__DATA_REGION_LENGTH__:0xffa0
                [0x0000000000000200]                __EEPROM_REGION_LENGTH__ = DEFINED (__EEPROM_REGION_LENGTH__)?__EEPROM_REGION_LENGTH__:0x10000
                [0x0000000000000010]                __FUSE_REGION_LENGTH__ = DEFINED (__FUSE_REGION_LENGTH__)?__FUSE_REGION_LENGTH__:0x400
                0x0000000000000400                __LOCK_REGION_LENGTH__ = DEFINED (__LOCK_REGION_LENGTH__)?__LOCK_REGION_LENGTH__:0x400
                0x0000000000000400                __SIGNATURE_REGION_LENGTH__ = DEFINED (__SIGNATURE_REGION_LENGTH__)?__SIGNATURE_REGION_LENGTH__:0x400
                0x0000000000000400                __USER_SIGNATURE_REGION_LENGTH__ = DEFINED (__USER_SIGNATURE_REGION_LENGTH__)?__USER_SIGNATURE_REGION_LENGTH__:0x400
                0x0000000000000400                __BOOTROW_REGION_LENGTH__ = DEFINED (__BOOTROW_REGION_LENGTH__)?__BOOTROW_REGION_LENGTH__:0x400

.hash
 *(.hash)

.dynsym
 *(.dynsym)

.dynstr
 *(.dynstr)

.gnu.version
 *(.gnu.version)

.gnu.version_d
 *(.gnu.version_d)

.gnu.version_r
 *(.gnu.version_r)

.rel.init
 *(.rel.init)

.rela.init
 *(.rela.init)

.rel.text
 *(.rel.text)
 *(.rel.text.*)
 *(.rel.gnu.linkonce.t*)

.rela.text
 *(.rela.text)
 *(.rela.text.*)
 *(.rela.gnu.linkonce.t*)

.rel.fini
 *(.rel.fini)

.rela.fini
 *(.rela.fini)

.rel.rodata
 *(.rel.rodata)
 *(.rel.rodata.*)
 *(.rel.gnu.linkonce.r*)

.rela.rodata
 *(.rela.rodata)
 *(.rela.rodata.*)
 *(.rela.gnu.linkonce.r*)

.rel.data
 *(.rel.data)
 *(.rel.data.*)
 *(.rel.gnu.linkonce.d*)

.rela.data
 *(.rela.data)
 *(.rela.data.*)
 *(.rela.gnu.linkonce.d*)

.rel.ctors
 *(.rel.ctors)

.rela.ctors
 *(.rela.ctors)

.rel.dtors
 *(.rel.dtors)

.rela.dtors
 *(.rela.dtors)

.rel.got
 *(.rel.got)

.rela.got
 *(.rela.got)

.rel.bss
 *(.rel.bss)

.rela.bss
 *(.rela.bss)

.rel.plt
 *(.rel.plt)

.rela.plt
 *(.rela.plt)

.text           0x0000000000000000      0x16a
 *(.vectors)
 .vectors       0x0000000000000000       0xf4 C:/Program Files/Microchip/MPLABX/v6.15/packs/Microchip/AVR-Dx_DFP/2.3.272/xc8/avr/lib/avrxmega4/memx-const/crtavr128db48.o
                0x0000000000000000                __vector_default
                0x0000000000000000                __vectors
 *(.vectors)
 *(.progmem.gcc*)
 *(.dinit)
 .dinit         0x00000000000000f4       0x1d data_init
                0x0000000000000112                . = ALIGN (0x2)
 *fill*         0x0000000000000111        0x1 
                0x0000000000000112                __trampolines_start = .
 *(.trampolines)
 .trampolines   0x0000000000000112        0x0 linker stubs
 *(.trampolines*)
                0x0000000000000112                __trampolines_end = .
 *libprintf_flt.a:*(.progmem.data)
 *libc.a:*(.progmem.data)
                0x0000000000000112                . = ALIGN (0x2)
 *(.jumptables)
 *(.jumptables*)
 *(.lowtext)
 *(.lowtext*)
                0x0000000000000112                __ctors_start = .
 *(.ctors)
                0x0000000000000112                __ctors_end = .
                0x0000000000000112                __dtors_start = .
 *(.dtors)
                0x0000000000000112                __dtors_end = .
 SORT(*)(.ctors)
 SORT(*)(.dtors)
 *(.init0)
 .init0         0x0000000000000112        0x0 C:/Program Files/Microchip/MPLABX/v6.15/packs/Microchip/AVR-Dx_DFP/2.3.272/xc8/avr/lib/avrxmega4/memx-const/crtavr128db48.o
                0x0000000000000112                __init
 *(.init0)
 *(.init1)
 *(.init1)
 *(.init2)
 .init2         0x0000000000000112        0xc C:/Program Files/Microchip/MPLABX/v6.15/packs/Microchip/AVR-Dx_DFP/2.3.272/xc8/avr/lib/avrxmega4/memx-const/crtavr128db48.o
 *(.init2)
 *(.init3)
 *(.init3)
 *(.init4)
 .init4         0x000000000000011e       0x40 c:/program files/microchip/xc8/v2.45/avr/bin/../lib/gcc/avr/5.4.0/avrxmega4/memx-const\libgcc.a(_copy_data.o)
                0x000000000000011e                __do_copy_data
                0x0000000000000150                __do_clear_bss
 *(.init4)
 *(.init5)
 *(.init5)
 *(.init6)
 *(.init6)
 *(.init7)
 *(.init7)
 *(.init8)
 *(.init8)
 *(.init9)
 .init9         0x000000000000015e        0x8 C:/Program Files/Microchip/MPLABX/v6.15/packs/Microchip/AVR-Dx_DFP/2.3.272/xc8/avr/lib/avrxmega4/memx-const/crtavr128db48.o
 *(.init9)
                0x0000000000000166                . = ALIGN (0x2)
 *(.fini9)
 .fini9         0x0000000000000166        0x0 c:/program files/microchip/xc8/v2.45/avr/bin/../lib/gcc/avr/5.4.0/avrxmega4/memx-const\libgcc.a(_exit.o)
                0x0000000000000166                _exit
 *(.fini9)
 *(.fini8)
 *(.fini8)
 *(.fini7)
 *(.fini7)
 *(.fini6)
 *(.fini6)
 *(.fini5)
 *(.fini5)
 *(.fini4)
 *(.fini4)
 *(.fini3)
 *(.fini3)
 *(.fini2)
 *(.fini2)
 *(.fini1)
 *(.fini1)
 *(.fini0)
 .fini0         0x0000000000000166        0x4 c:/program files/microchip/xc8/v2.45/avr/bin/../lib/gcc/avr/5.4.0/avrxmega4/memx-const\libgcc.a(_exit.o)
 *(.fini0)
                0x000000000000016a                _etext = .

.data           0x0000000000804000        0x0 load address 0x000000000000016a
                [!provide]                        PROVIDE (__data_start, .)
 *(.gnu.linkonce.d*)
 *(.gnu.linkonce.r*)
                0x0000000000804000                . = ALIGN (0x2)
                0x0000000000804000                _edata = .
                [!provide]                        PROVIDE (__data_end, .)

.bss            0x0000000000804000        0x8
                [!provide]                        PROVIDE (__bss_start, .)
 *(COMMON)
 COMMON         0x0000000000804000        0x6 build/free/production/mcc_generated_files/uart/src/usart3.o
                0x0000000000804000                USART3_ParityErrorHandler
                0x0000000000804002                USART3_OverrunErrorHandler
                0x0000000000804004                USART3_FramingErrorHandler
 COMMON         0x0000000000804006        0x2 c:/program files/microchip/xc8/v2.45/avr/bin/../lib/gcc/avr/5.4.0/../../../../avr/lib/avrxmega4/memx-const\libc.a(errno.o)
                0x0000000000804006                __errno_val
                [!provide]                        PROVIDE (__bss_end, .)
                0x000000000000016a                __data_load_start = LOADADDR (.data)
                0x000000000000016a                __data_load_end = (__data_load_start + SIZEOF (.data))

.noinit         0x0000000000804008        0x0
                [!provide]                        PROVIDE (__noinit_start, .)
 *(.noinit*)
                [!provide]                        PROVIDE (__noinit_end, .)
                0x0000000000804008                _end = .

.eeprom         0x0000000000810000        0x0
 *(.eeprom*)
                0x0000000000810000                __eeprom_end = .

.fuse           0x0000000000820000        0x9
 *(.fuse)
 .fuse          0x0000000000820000        0x9 build/free/production/mcc_generated_files/system/src/config_bits.o
                0x0000000000820000                __fuse
 *(.lfuse)
 *(.hfuse)
 *(.efuse)

.lock
 *(.lock*)

.signature
 *(.signature*)

.user_signatures
 *(.user_signatures*)

.bootrow
 *(.bootrow*)

.stab
 *(.stab)

.stabstr
 *(.stabstr)

.stab.excl
 *(.stab.excl)

.stab.exclstr
 *(.stab.exclstr)

.stab.index
 *(.stab.index)

.stab.indexstr
 *(.stab.indexstr)

.comment        0x0000000000000000       0x5b
 *(.comment)
 .comment       0x0000000000000000       0x2f build/free/production/mcc_generated_files/adc/src/adc0.o
                                         0x30 (size before relaxing)
 .comment       0x000000000000002f       0x30 build/free/production/mcc_generated_files/ccl/src/ccl.o
 .comment       0x000000000000002f       0x30 build/free/production/mcc_generated_files/evsys/src/evsys.o
 .comment       0x000000000000002f       0x30 build/free/production/mcc_generated_files/opamp/src/opamp.o
 .comment       0x000000000000002f       0x30 build/free/production/mcc_generated_files/system/src/system.o
 .comment       0x000000000000002f       0x30 build/free/production/mcc_generated_files/system/src/interrupt.o
 .comment       0x000000000000002f       0x30 build/free/production/mcc_generated_files/system/src/pins.o
 .comment       0x000000000000002f       0x30 build/free/production/mcc_generated_files/system/src/config_bits.o
 .comment       0x000000000000002f       0x30 build/free/production/mcc_generated_files/system/src/clock.o
 .comment       0x000000000000002f       0x30 build/free/production/mcc_generated_files/timer/src/rtc.o
 .comment       0x000000000000002f       0x30 build/free/production/mcc_generated_files/uart/src/usart3.o
 .comment       0x000000000000002f       0x30 build/free/production/mcc_generated_files/vref/src/vref.o
 .comment       0x000000000000002f       0x30 build/free/production/main.o
 .comment       0x000000000000002f       0x30 build/free/production/ADCPrint.o
 .comment       0x000000000000002f       0x2c c:/program files/microchip/xc8/v2.45/avr/bin/../lib/gcc/avr/5.4.0/../../../../avr/lib/avrxmega4/memx-const\libc.a(exit.o)
                                         0x2d (size before relaxing)
 .comment       0x000000000000005b       0x2d c:/program files/microchip/xc8/v2.45/avr/bin/../lib/gcc/avr/5.4.0/../../../../avr/lib/avrxmega4/memx-const\libc.a(__sio_printf_fs.o)
 .comment       0x000000000000005b       0x2d c:/program files/microchip/xc8/v2.45/avr/bin/../lib/gcc/avr/5.4.0/../../../../avr/lib/avrxmega4/memx-const\libc.a(__fmt_fp.o)
 .comment       0x000000000000005b       0x2d c:/program files/microchip/xc8/v2.45/avr/bin/../lib/gcc/avr/5.4.0/../../../../avr/lib/avrxmega4/memx-const\libc.a(__fmt_s.o)
 .comment       0x000000000000005b       0x2d c:/program files/microchip/xc8/v2.45/avr/bin/../lib/gcc/avr/5.4.0/../../../../avr/lib/avrxmega4/memx-const\libc.a(__printf_core.o)
 .comment       0x000000000000005b       0x2d c:/program files/microchip/xc8/v2.45/avr/bin/../lib/gcc/avr/5.4.0/../../../../avr/lib/avrxmega4/memx-const\libc.a(fputc.o)
 .comment       0x000000000000005b       0x2d c:/program files/microchip/xc8/v2.45/avr/bin/../lib/gcc/avr/5.4.0/../../../../avr/lib/avrxmega4/memx-const\libc.a(stdout.o)
 .comment       0x000000000000005b       0x2d c:/program files/microchip/xc8/v2.45/avr/bin/../lib/gcc/avr/5.4.0/../../../../avr/lib/avrxmega4/memx-const\libc.a(__pop_float.o)
 .comment       0x000000000000005b       0x2d c:/program files/microchip/xc8/v2.45/avr/bin/../lib/gcc/avr/5.4.0/../../../../avr/lib/avrxmega4/memx-const\libc.a(memset.o)
 .comment       0x000000000000005b       0x2d c:/program files/microchip/xc8/v2.45/avr/bin/../lib/gcc/avr/5.4.0/../../../../avr/lib/avrxmega4/memx-const\libc.a(strcpy.o)
 .comment       0x000000000000005b       0x2d c:/program files/microchip/xc8/v2.45/avr/bin/../lib/gcc/avr/5.4.0/../../../../avr/lib/avrxmega4/memx-const\libc.a(strlen.o)
 .comment       0x000000000000005b       0x2d c:/program files/microchip/xc8/v2.45/avr/bin/../lib/gcc/avr/5.4.0/../../../../avr/lib/avrxmega4/memx-const\libc.a(tolower.o)
 .comment       0x000000000000005b       0x2d c:/program files/microchip/xc8/v2.45/avr/bin/../lib/gcc/avr/5.4.0/../../../../avr/lib/avrxmega4/memx-const\libc.a(errno.o)
 .comment       0x000000000000005b       0x2d c:/program files/microchip/xc8/v2.45/avr/bin/../lib/gcc/avr/5.4.0/../../../../avr/lib/avrxmega4/memx-const\libc.a(_Exit.o)
 .comment       0x000000000000005b       0x2d c:/program files/microchip/xc8/v2.45/avr/bin/../lib/gcc/avr/5.4.0/../../../../avr/lib/avrxmega4/memx-const\libc.a(__int_vfprintf.o)
 .comment       0x000000000000005b       0x2d c:/program files/microchip/xc8/v2.45/avr/bin/../lib/gcc/avr/5.4.0/../../../../avr/lib/avrxmega4/memx-const\libm.a(floorf.o)

.stack.descriptors.hdr
                0x0000000000000000      0x222
 .stack.descriptors.hdr
                0x0000000000000000        0xe c:/program files/microchip/xc8/v2.45/avr/bin/../lib/gcc/avr/5.4.0/../../../../avr/lib/avrxmega4/memx-const\libm.a(floatsisf.o)
 .stack.descriptors.hdr
                0x000000000000000e        0xe c:/program files/microchip/xc8/v2.45/avr/bin/../lib/gcc/avr/5.4.0/../../../../avr/lib/avrxmega4/memx-const\libm.a(mulsf3.o)
 .stack.descriptors.hdr
                0x000000000000001c        0xe c:/program files/microchip/xc8/v2.45/avr/bin/../lib/gcc/avr/5.4.0/../../../../avr/lib/avrxmega4/memx-const\libm.a(mulsf3x.o)
 .stack.descriptors.hdr
                0x000000000000002a        0xe c:/program files/microchip/xc8/v2.45/avr/bin/../lib/gcc/avr/5.4.0/../../../../avr/lib/avrxmega4/memx-const\libm.a(fp_inf.o)
 .stack.descriptors.hdr
                0x0000000000000038        0xe c:/program files/microchip/xc8/v2.45/avr/bin/../lib/gcc/avr/5.4.0/../../../../avr/lib/avrxmega4/memx-const\libm.a(fp_nan.o)
 .stack.descriptors.hdr
                0x0000000000000046        0xe c:/program files/microchip/xc8/v2.45/avr/bin/../lib/gcc/avr/5.4.0/../../../../avr/lib/avrxmega4/memx-const\libm.a(fp_pscA.o)
 .stack.descriptors.hdr
                0x0000000000000054        0xe c:/program files/microchip/xc8/v2.45/avr/bin/../lib/gcc/avr/5.4.0/../../../../avr/lib/avrxmega4/memx-const\libm.a(fp_pscB.o)
 .stack.descriptors.hdr
                0x0000000000000062        0xe c:/program files/microchip/xc8/v2.45/avr/bin/../lib/gcc/avr/5.4.0/../../../../avr/lib/avrxmega4/memx-const\libm.a(fp_round.o)
 .stack.descriptors.hdr
                0x0000000000000070        0xe c:/program files/microchip/xc8/v2.45/avr/bin/../lib/gcc/avr/5.4.0/../../../../avr/lib/avrxmega4/memx-const\libm.a(fp_split3.o)
 .stack.descriptors.hdr
                0x000000000000007e        0xe c:/program files/microchip/xc8/v2.45/avr/bin/../lib/gcc/avr/5.4.0/../../../../avr/lib/avrxmega4/memx-const\libm.a(fp_zero.o)
 .stack.descriptors.hdr
                0x000000000000008c        0xe c:/program files/microchip/xc8/v2.45/avr/bin/../lib/gcc/avr/5.4.0/../../../../avr/lib/avrxmega4/memx-const\libc.a(exit.o)
 .stack.descriptors.hdr
                0x000000000000009a        0xe c:/program files/microchip/xc8/v2.45/avr/bin/../lib/gcc/avr/5.4.0/../../../../avr/lib/avrxmega4/memx-const\libc.a(__sio_printf_fs.o)
 .stack.descriptors.hdr
                0x00000000000000a8        0xe c:/program files/microchip/xc8/v2.45/avr/bin/../lib/gcc/avr/5.4.0/../../../../avr/lib/avrxmega4/memx-const\libc.a(__fmt_fp.o)
 .stack.descriptors.hdr
                0x00000000000000b6        0xe c:/program files/microchip/xc8/v2.45/avr/bin/../lib/gcc/avr/5.4.0/../../../../avr/lib/avrxmega4/memx-const\libc.a(__fmt_s.o)
 .stack.descriptors.hdr
                0x00000000000000c4        0xe c:/program files/microchip/xc8/v2.45/avr/bin/../lib/gcc/avr/5.4.0/../../../../avr/lib/avrxmega4/memx-const\libc.a(__printf_core.o)
 .stack.descriptors.hdr
                0x00000000000000d2        0xe c:/program files/microchip/xc8/v2.45/avr/bin/../lib/gcc/avr/5.4.0/../../../../avr/lib/avrxmega4/memx-const\libc.a(fputc.o)
 .stack.descriptors.hdr
                0x00000000000000e0        0xe c:/program files/microchip/xc8/v2.45/avr/bin/../lib/gcc/avr/5.4.0/../../../../avr/lib/avrxmega4/memx-const\libc.a(stdout.o)
 .stack.descriptors.hdr
                0x00000000000000ee        0xe c:/program files/microchip/xc8/v2.45/avr/bin/../lib/gcc/avr/5.4.0/../../../../avr/lib/avrxmega4/memx-const\libc.a(__pop_float.o)
 .stack.descriptors.hdr
                0x00000000000000fc        0xe c:/program files/microchip/xc8/v2.45/avr/bin/../lib/gcc/avr/5.4.0/../../../../avr/lib/avrxmega4/memx-const\libc.a(memset.o)
 .stack.descriptors.hdr
                0x000000000000010a        0xe c:/program files/microchip/xc8/v2.45/avr/bin/../lib/gcc/avr/5.4.0/../../../../avr/lib/avrxmega4/memx-const\libc.a(strcpy.o)
 .stack.descriptors.hdr
                0x0000000000000118        0xe c:/program files/microchip/xc8/v2.45/avr/bin/../lib/gcc/avr/5.4.0/../../../../avr/lib/avrxmega4/memx-const\libc.a(strlen.o)
 .stack.descriptors.hdr
                0x0000000000000126        0xe c:/program files/microchip/xc8/v2.45/avr/bin/../lib/gcc/avr/5.4.0/../../../../avr/lib/avrxmega4/memx-const\libc.a(tolower.o)
 .stack.descriptors.hdr
                0x0000000000000134        0xe c:/program files/microchip/xc8/v2.45/avr/bin/../lib/gcc/avr/5.4.0/../../../../avr/lib/avrxmega4/memx-const\libc.a(errno.o)
 .stack.descriptors.hdr
                0x0000000000000142        0xe c:/program files/microchip/xc8/v2.45/avr/bin/../lib/gcc/avr/5.4.0/../../../../avr/lib/avrxmega4/memx-const\libc.a(_Exit.o)
 .stack.descriptors.hdr
                0x0000000000000150        0xe c:/program files/microchip/xc8/v2.45/avr/bin/../lib/gcc/avr/5.4.0/../../../../avr/lib/avrxmega4/memx-const\libc.a(__int_vfprintf.o)
 .stack.descriptors.hdr
                0x000000000000015e        0xe c:/program files/microchip/xc8/v2.45/avr/bin/../lib/gcc/avr/5.4.0/avrxmega4/memx-const\libgcc.a(_divmodhi4.o)
 .stack.descriptors.hdr
                0x000000000000016c        0xe c:/program files/microchip/xc8/v2.45/avr/bin/../lib/gcc/avr/5.4.0/avrxmega4/memx-const\libgcc.a(_exit.o)
 .stack.descriptors.hdr
                0x000000000000017a        0xe c:/program files/microchip/xc8/v2.45/avr/bin/../lib/gcc/avr/5.4.0/avrxmega4/memx-const\libgcc.a(_xload_1.o)
 .stack.descriptors.hdr
                0x0000000000000188        0xe c:/program files/microchip/xc8/v2.45/avr/bin/../lib/gcc/avr/5.4.0/avrxmega4/memx-const\libgcc.a(_udivmodhi4.o)
 .stack.descriptors.hdr
                0x0000000000000196        0xe c:/program files/microchip/xc8/v2.45/avr/bin/../lib/gcc/avr/5.4.0/../../../../avr/lib/avrxmega4/memx-const\libm.a(addsf3.o)
 .stack.descriptors.hdr
                0x00000000000001a4        0xe c:/program files/microchip/xc8/v2.45/avr/bin/../lib/gcc/avr/5.4.0/../../../../avr/lib/avrxmega4/memx-const\libm.a(addsf3x.o)
 .stack.descriptors.hdr
                0x00000000000001b2        0xe c:/program files/microchip/xc8/v2.45/avr/bin/../lib/gcc/avr/5.4.0/../../../../avr/lib/avrxmega4/memx-const\libm.a(cmpsf2.o)
 .stack.descriptors.hdr
                0x00000000000001c0        0xe c:/program files/microchip/xc8/v2.45/avr/bin/../lib/gcc/avr/5.4.0/../../../../avr/lib/avrxmega4/memx-const\libm.a(divsf3.o)
 .stack.descriptors.hdr
                0x00000000000001ce        0xe c:/program files/microchip/xc8/v2.45/avr/bin/../lib/gcc/avr/5.4.0/../../../../avr/lib/avrxmega4/memx-const\libm.a(divsf3x.o)
 .stack.descriptors.hdr
                0x00000000000001dc        0xe c:/program files/microchip/xc8/v2.45/avr/bin/../lib/gcc/avr/5.4.0/../../../../avr/lib/avrxmega4/memx-const\libm.a(fixsfsi.o)
 .stack.descriptors.hdr
                0x00000000000001ea        0xe c:/program files/microchip/xc8/v2.45/avr/bin/../lib/gcc/avr/5.4.0/../../../../avr/lib/avrxmega4/memx-const\libm.a(fixunssfsi.o)
 .stack.descriptors.hdr
                0x00000000000001f8        0xe c:/program files/microchip/xc8/v2.45/avr/bin/../lib/gcc/avr/5.4.0/../../../../avr/lib/avrxmega4/memx-const\libm.a(floorf.o)
 .stack.descriptors.hdr
                0x0000000000000206        0xe c:/program files/microchip/xc8/v2.45/avr/bin/../lib/gcc/avr/5.4.0/../../../../avr/lib/avrxmega4/memx-const\libm.a(fp_cmp.o)
 .stack.descriptors.hdr
                0x0000000000000214        0xe c:/program files/microchip/xc8/v2.45/avr/bin/../lib/gcc/avr/5.4.0/../../../../avr/lib/avrxmega4/memx-const\libm.a(gesf2.o)

.note.GNU-stack
                0x0000000000000000        0x0
 .note.GNU-stack
                0x0000000000000000        0x0 c:/program files/microchip/xc8/v2.45/avr/bin/../lib/gcc/avr/5.4.0/../../../../avr/lib/avrxmega4/memx-const\libm.a(floatsisf.o)
 .note.GNU-stack
                0x0000000000000000        0x0 c:/program files/microchip/xc8/v2.45/avr/bin/../lib/gcc/avr/5.4.0/../../../../avr/lib/avrxmega4/memx-const\libm.a(mulsf3.o)
 .note.GNU-stack
                0x0000000000000000        0x0 c:/program files/microchip/xc8/v2.45/avr/bin/../lib/gcc/avr/5.4.0/../../../../avr/lib/avrxmega4/memx-const\libm.a(mulsf3x.o)
 .note.GNU-stack
                0x0000000000000000        0x0 c:/program files/microchip/xc8/v2.45/avr/bin/../lib/gcc/avr/5.4.0/../../../../avr/lib/avrxmega4/memx-const\libm.a(fp_inf.o)
 .note.GNU-stack
                0x0000000000000000        0x0 c:/program files/microchip/xc8/v2.45/avr/bin/../lib/gcc/avr/5.4.0/../../../../avr/lib/avrxmega4/memx-const\libm.a(fp_nan.o)
 .note.GNU-stack
                0x0000000000000000        0x0 c:/program files/microchip/xc8/v2.45/avr/bin/../lib/gcc/avr/5.4.0/../../../../avr/lib/avrxmega4/memx-const\libm.a(fp_pscA.o)
 .note.GNU-stack
                0x0000000000000000        0x0 c:/program files/microchip/xc8/v2.45/avr/bin/../lib/gcc/avr/5.4.0/../../../../avr/lib/avrxmega4/memx-const\libm.a(fp_pscB.o)
 .note.GNU-stack
                0x0000000000000000        0x0 c:/program files/microchip/xc8/v2.45/avr/bin/../lib/gcc/avr/5.4.0/../../../../avr/lib/avrxmega4/memx-const\libm.a(fp_round.o)
 .note.GNU-stack
                0x0000000000000000        0x0 c:/program files/microchip/xc8/v2.45/avr/bin/../lib/gcc/avr/5.4.0/../../../../avr/lib/avrxmega4/memx-const\libm.a(fp_split3.o)
 .note.GNU-stack
                0x0000000000000000        0x0 c:/program files/microchip/xc8/v2.45/avr/bin/../lib/gcc/avr/5.4.0/../../../../avr/lib/avrxmega4/memx-const\libm.a(fp_zero.o)
 .note.GNU-stack
                0x0000000000000000        0x0 c:/program files/microchip/xc8/v2.45/avr/bin/../lib/gcc/avr/5.4.0/../../../../avr/lib/avrxmega4/memx-const\libc.a(exit.o)
 .note.GNU-stack
                0x0000000000000000        0x0 c:/program files/microchip/xc8/v2.45/avr/bin/../lib/gcc/avr/5.4.0/../../../../avr/lib/avrxmega4/memx-const\libc.a(__sio_printf_fs.o)
 .note.GNU-stack
                0x0000000000000000        0x0 c:/program files/microchip/xc8/v2.45/avr/bin/../lib/gcc/avr/5.4.0/../../../../avr/lib/avrxmega4/memx-const\libc.a(__fmt_fp.o)
 .note.GNU-stack
                0x0000000000000000        0x0 c:/program files/microchip/xc8/v2.45/avr/bin/../lib/gcc/avr/5.4.0/../../../../avr/lib/avrxmega4/memx-const\libc.a(__fmt_s.o)
 .note.GNU-stack
                0x0000000000000000        0x0 c:/program files/microchip/xc8/v2.45/avr/bin/../lib/gcc/avr/5.4.0/../../../../avr/lib/avrxmega4/memx-const\libc.a(__printf_core.o)
 .note.GNU-stack
                0x0000000000000000        0x0 c:/program files/microchip/xc8/v2.45/avr/bin/../lib/gcc/avr/5.4.0/../../../../avr/lib/avrxmega4/memx-const\libc.a(fputc.o)
 .note.GNU-stack
                0x0000000000000000        0x0 c:/program files/microchip/xc8/v2.45/avr/bin/../lib/gcc/avr/5.4.0/../../../../avr/lib/avrxmega4/memx-const\libc.a(stdout.o)
 .note.GNU-stack
                0x0000000000000000        0x0 c:/program files/microchip/xc8/v2.45/avr/bin/../lib/gcc/avr/5.4.0/../../../../avr/lib/avrxmega4/memx-const\libc.a(__pop_float.o)
 .note.GNU-stack
                0x0000000000000000        0x0 c:/program files/microchip/xc8/v2.45/avr/bin/../lib/gcc/avr/5.4.0/../../../../avr/lib/avrxmega4/memx-const\libc.a(memset.o)
 .note.GNU-stack
                0x0000000000000000        0x0 c:/program files/microchip/xc8/v2.45/avr/bin/../lib/gcc/avr/5.4.0/../../../../avr/lib/avrxmega4/memx-const\libc.a(strcpy.o)
 .note.GNU-stack
                0x0000000000000000        0x0 c:/program files/microchip/xc8/v2.45/avr/bin/../lib/gcc/avr/5.4.0/../../../../avr/lib/avrxmega4/memx-const\libc.a(strlen.o)
 .note.GNU-stack
                0x0000000000000000        0x0 c:/program files/microchip/xc8/v2.45/avr/bin/../lib/gcc/avr/5.4.0/../../../../avr/lib/avrxmega4/memx-const\libc.a(tolower.o)
 .note.GNU-stack
                0x0000000000000000        0x0 c:/program files/microchip/xc8/v2.45/avr/bin/../lib/gcc/avr/5.4.0/../../../../avr/lib/avrxmega4/memx-const\libc.a(errno.o)
 .note.GNU-stack
                0x0000000000000000        0x0 c:/program files/microchip/xc8/v2.45/avr/bin/../lib/gcc/avr/5.4.0/../../../../avr/lib/avrxmega4/memx-const\libc.a(_Exit.o)
 .note.GNU-stack
                0x0000000000000000        0x0 c:/program files/microchip/xc8/v2.45/avr/bin/../lib/gcc/avr/5.4.0/../../../../avr/lib/avrxmega4/memx-const\libc.a(__int_vfprintf.o)
 .note.GNU-stack
                0x0000000000000000        0x0 c:/program files/microchip/xc8/v2.45/avr/bin/../lib/gcc/avr/5.4.0/../../../../avr/lib/avrxmega4/memx-const\libm.a(addsf3.o)
 .note.GNU-stack
                0x0000000000000000        0x0 c:/program files/microchip/xc8/v2.45/avr/bin/../lib/gcc/avr/5.4.0/../../../../avr/lib/avrxmega4/memx-const\libm.a(addsf3x.o)
 .note.GNU-stack
                0x0000000000000000        0x0 c:/program files/microchip/xc8/v2.45/avr/bin/../lib/gcc/avr/5.4.0/../../../../avr/lib/avrxmega4/memx-const\libm.a(cmpsf2.o)
 .note.GNU-stack
                0x0000000000000000        0x0 c:/program files/microchip/xc8/v2.45/avr/bin/../lib/gcc/avr/5.4.0/../../../../avr/lib/avrxmega4/memx-const\libm.a(divsf3.o)
 .note.GNU-stack
                0x0000000000000000        0x0 c:/program files/microchip/xc8/v2.45/avr/bin/../lib/gcc/avr/5.4.0/../../../../avr/lib/avrxmega4/memx-const\libm.a(divsf3x.o)
 .note.GNU-stack
                0x0000000000000000        0x0 c:/program files/microchip/xc8/v2.45/avr/bin/../lib/gcc/avr/5.4.0/../../../../avr/lib/avrxmega4/memx-const\libm.a(fixsfsi.o)
 .note.GNU-stack
                0x0000000000000000        0x0 c:/program files/microchip/xc8/v2.45/avr/bin/../lib/gcc/avr/5.4.0/../../../../avr/lib/avrxmega4/memx-const\libm.a(fixunssfsi.o)
 .note.GNU-stack
                0x0000000000000000        0x0 c:/program files/microchip/xc8/v2.45/avr/bin/../lib/gcc/avr/5.4.0/../../../../avr/lib/avrxmega4/memx-const\libm.a(floorf.o)
 .note.GNU-stack
                0x0000000000000000        0x0 c:/program files/microchip/xc8/v2.45/avr/bin/../lib/gcc/avr/5.4.0/../../../../avr/lib/avrxmega4/memx-const\libm.a(fp_cmp.o)
 .note.GNU-stack
                0x0000000000000000        0x0 c:/program files/microchip/xc8/v2.45/avr/bin/../lib/gcc/avr/5.4.0/../../../../avr/lib/avrxmega4/memx-const\libm.a(gesf2.o)

.note.gnu.build-id
 *(.note.gnu.build-id)

.debug
 *(.debug)

.line
 *(.line)

.debug_srcinfo
 *(.debug_srcinfo)

.debug_sfnames
 *(.debug_sfnames)

.debug_aranges  0x0000000000000000      0x528
 *(.debug_aranges)
 .debug_aranges
                0x0000000000000000       0xc8 build/free/production/mcc_generated_files/adc/src/adc0.o
 .debug_aranges
                0x00000000000000c8       0x38 build/free/production/mcc_generated_files/ccl/src/ccl.o
 .debug_aranges
                0x0000000000000100       0x30 build/free/production/mcc_generated_files/evsys/src/evsys.o
 .debug_aranges
                0x0000000000000130       0x50 build/free/production/mcc_generated_files/opamp/src/opamp.o
 .debug_aranges
                0x0000000000000180       0x28 build/free/production/mcc_generated_files/system/src/system.o
 .debug_aranges
                0x00000000000001a8       0x20 build/free/production/mcc_generated_files/system/src/interrupt.o
 .debug_aranges
                0x00000000000001c8       0xb0 build/free/production/mcc_generated_files/system/src/pins.o
 .debug_aranges
                0x0000000000000278       0x20 build/free/production/mcc_generated_files/system/src/protected_io.o
 .debug_aranges
                0x0000000000000298       0x18 build/free/production/mcc_generated_files/system/src/config_bits.o
 .debug_aranges
                0x00000000000002b0       0x30 build/free/production/mcc_generated_files/system/src/clock.o
 .debug_aranges
                0x00000000000002e0       0xb8 build/free/production/mcc_generated_files/timer/src/rtc.o
 .debug_aranges
                0x0000000000000398       0xe0 build/free/production/mcc_generated_files/uart/src/usart3.o
 .debug_aranges
                0x0000000000000478       0x20 build/free/production/mcc_generated_files/vref/src/vref.o
 .debug_aranges
                0x0000000000000498       0x48 build/free/production/main.o
 .debug_aranges
                0x00000000000004e0       0x48 build/free/production/ADCPrint.o

.debug_pubnames
 *(.debug_pubnames)

.debug_info     0x0000000000000000     0xb42f
 *(.debug_info .gnu.linkonce.wi.*)
 .debug_info    0x0000000000000000     0x3545 C:/Program Files/Microchip/MPLABX/v6.15/packs/Microchip/AVR-Dx_DFP/2.3.272/xc8/avr/lib/avrxmega4/memx-const/crtavr128db48.o
 .debug_info    0x0000000000003545      0xfc4 build/free/production/mcc_generated_files/adc/src/adc0.o
 .debug_info    0x0000000000004509      0x6ce build/free/production/mcc_generated_files/ccl/src/ccl.o
 .debug_info    0x0000000000004bd7      0xa07 build/free/production/mcc_generated_files/evsys/src/evsys.o
 .debug_info    0x00000000000055de      0x7a4 build/free/production/mcc_generated_files/opamp/src/opamp.o
 .debug_info    0x0000000000005d82      0x5ad build/free/production/mcc_generated_files/system/src/system.o
 .debug_info    0x000000000000632f      0x462 build/free/production/mcc_generated_files/system/src/interrupt.o
 .debug_info    0x0000000000006791      0xb92 build/free/production/mcc_generated_files/system/src/pins.o
 .debug_info    0x0000000000007323       0xf0 build/free/production/mcc_generated_files/system/src/protected_io.o
 .debug_info    0x0000000000007413      0x90d build/free/production/mcc_generated_files/system/src/config_bits.o
 .debug_info    0x0000000000007d20      0xa45 build/free/production/mcc_generated_files/system/src/clock.o
 .debug_info    0x0000000000008765      0x942 build/free/production/mcc_generated_files/timer/src/rtc.o
 .debug_info    0x00000000000090a7      0xfb7 build/free/production/mcc_generated_files/uart/src/usart3.o
 .debug_info    0x000000000000a05e      0x3cd build/free/production/mcc_generated_files/vref/src/vref.o
 .debug_info    0x000000000000a42b      0xc5a build/free/production/main.o
 .debug_info    0x000000000000b085      0x3aa build/free/production/ADCPrint.o

.debug_abbrev   0x0000000000000000     0x447d
 *(.debug_abbrev)
 .debug_abbrev  0x0000000000000000     0x3274 C:/Program Files/Microchip/MPLABX/v6.15/packs/Microchip/AVR-Dx_DFP/2.3.272/xc8/avr/lib/avrxmega4/memx-const/crtavr128db48.o
 .debug_abbrev  0x0000000000003274      0x26e build/free/production/mcc_generated_files/adc/src/adc0.o
 .debug_abbrev  0x00000000000034e2      0x12e build/free/production/mcc_generated_files/ccl/src/ccl.o
 .debug_abbrev  0x0000000000003610       0xcd build/free/production/mcc_generated_files/evsys/src/evsys.o
 .debug_abbrev  0x00000000000036dd      0x119 build/free/production/mcc_generated_files/opamp/src/opamp.o
 .debug_abbrev  0x00000000000037f6      0x130 build/free/production/mcc_generated_files/system/src/system.o
 .debug_abbrev  0x0000000000003926       0xfa build/free/production/mcc_generated_files/system/src/interrupt.o
 .debug_abbrev  0x0000000000003a20      0x162 build/free/production/mcc_generated_files/system/src/pins.o
 .debug_abbrev  0x0000000000003b82       0x14 build/free/production/mcc_generated_files/system/src/protected_io.o
 .debug_abbrev  0x0000000000003b96       0x97 build/free/production/mcc_generated_files/system/src/config_bits.o
 .debug_abbrev  0x0000000000003c2d      0x14d build/free/production/mcc_generated_files/system/src/clock.o
 .debug_abbrev  0x0000000000003d7a      0x14c build/free/production/mcc_generated_files/timer/src/rtc.o
 .debug_abbrev  0x0000000000003ec6      0x2e2 build/free/production/mcc_generated_files/uart/src/usart3.o
 .debug_abbrev  0x00000000000041a8       0x8c build/free/production/mcc_generated_files/vref/src/vref.o
 .debug_abbrev  0x0000000000004234      0x1e0 build/free/production/main.o
 .debug_abbrev  0x0000000000004414       0x69 build/free/production/ADCPrint.o

.debug_line     0x0000000000000000     0x27a1
 *(.debug_line .debug_line.* .debug_line_end)
 .debug_line    0x0000000000000000      0x208 C:/Program Files/Microchip/MPLABX/v6.15/packs/Microchip/AVR-Dx_DFP/2.3.272/xc8/avr/lib/avrxmega4/memx-const/crtavr128db48.o
 .debug_line    0x0000000000000208      0x407 build/free/production/mcc_generated_files/adc/src/adc0.o
 .debug_line    0x000000000000060f      0x21f build/free/production/mcc_generated_files/ccl/src/ccl.o
 .debug_line    0x000000000000082e      0x2a8 build/free/production/mcc_generated_files/evsys/src/evsys.o
 .debug_line    0x0000000000000ad6      0x20e build/free/production/mcc_generated_files/opamp/src/opamp.o
 .debug_line    0x0000000000000ce4      0x380 build/free/production/mcc_generated_files/system/src/system.o
 .debug_line    0x0000000000001064      0x19c build/free/production/mcc_generated_files/system/src/interrupt.o
 .debug_line    0x0000000000001200      0x4cd build/free/production/mcc_generated_files/system/src/pins.o
 .debug_line    0x00000000000016cd       0x73 build/free/production/mcc_generated_files/system/src/protected_io.o
 .debug_line    0x0000000000001740      0x103 build/free/production/mcc_generated_files/system/src/config_bits.o
 .debug_line    0x0000000000001843      0x1d0 build/free/production/mcc_generated_files/system/src/clock.o
 .debug_line    0x0000000000001a13      0x3a1 build/free/production/mcc_generated_files/timer/src/rtc.o
 .debug_line    0x0000000000001db4      0x505 build/free/production/mcc_generated_files/uart/src/usart3.o
 .debug_line    0x00000000000022b9      0x122 build/free/production/mcc_generated_files/vref/src/vref.o
 .debug_line    0x00000000000023db      0x30e build/free/production/main.o
 .debug_line    0x00000000000026e9       0xb8 build/free/production/ADCPrint.o

.debug_frame    0x0000000000000000      0xad4
 *(.debug_frame)
 .debug_frame   0x0000000000000000      0x204 build/free/production/mcc_generated_files/adc/src/adc0.o
 .debug_frame   0x0000000000000204       0x9c build/free/production/mcc_generated_files/ccl/src/ccl.o
 .debug_frame   0x00000000000002a0       0x44 build/free/production/mcc_generated_files/evsys/src/evsys.o
 .debug_frame   0x00000000000002e4       0x84 build/free/production/mcc_generated_files/opamp/src/opamp.o
 .debug_frame   0x0000000000000368       0x34 build/free/production/mcc_generated_files/system/src/system.o
 .debug_frame   0x000000000000039c       0x24 build/free/production/mcc_generated_files/system/src/interrupt.o
 .debug_frame   0x00000000000003c0      0x1e8 build/free/production/mcc_generated_files/system/src/pins.o
 .debug_frame   0x00000000000005a8       0x44 build/free/production/mcc_generated_files/system/src/clock.o
 .debug_frame   0x00000000000005ec      0x1e4 build/free/production/mcc_generated_files/timer/src/rtc.o
 .debug_frame   0x00000000000007d0      0x1ac build/free/production/mcc_generated_files/uart/src/usart3.o
 .debug_frame   0x000000000000097c       0x24 build/free/production/mcc_generated_files/vref/src/vref.o
 .debug_frame   0x00000000000009a0       0xc0 build/free/production/main.o
 .debug_frame   0x0000000000000a60       0x74 build/free/production/ADCPrint.o

.debug_str      0x0000000000000000     0x18b3
 *(.debug_str)
 .debug_str     0x0000000000000000     0x170f C:/Program Files/Microchip/MPLABX/v6.15/packs/Microchip/AVR-Dx_DFP/2.3.272/xc8/avr/lib/avrxmega4/memx-const/crtavr128db48.o
 .debug_str     0x000000000000170f       0x11 build/free/production/mcc_generated_files/adc/src/adc0.o
 .debug_str     0x0000000000001720        0x0 build/free/production/mcc_generated_files/ccl/src/ccl.o
 .debug_str     0x0000000000001720        0x0 build/free/production/mcc_generated_files/evsys/src/evsys.o
 .debug_str     0x0000000000001720        0x0 build/free/production/mcc_generated_files/opamp/src/opamp.o
 .debug_str     0x0000000000001720       0xbf build/free/production/mcc_generated_files/system/src/system.o
 .debug_str     0x00000000000017df       0x13 build/free/production/mcc_generated_files/system/src/interrupt.o
 .debug_str     0x00000000000017f2       0x25 build/free/production/mcc_generated_files/system/src/pins.o
 .debug_str     0x0000000000001817        0x0 build/free/production/mcc_generated_files/system/src/config_bits.o
 .debug_str     0x0000000000001817       0x13 build/free/production/mcc_generated_files/system/src/clock.o
 .debug_str     0x000000000000182a        0x9 build/free/production/mcc_generated_files/timer/src/rtc.o
 .debug_str     0x0000000000001833       0x10 build/free/production/mcc_generated_files/uart/src/usart3.o
 .debug_str     0x0000000000001843        0x0 build/free/production/mcc_generated_files/vref/src/vref.o
 .debug_str     0x0000000000001843       0x70 build/free/production/main.o
 .debug_str     0x00000000000018b3        0x0 build/free/production/ADCPrint.o

.debug_loc      0x0000000000000000      0x57c
 *(.debug_loc)
 .debug_loc     0x0000000000000000      0x147 build/free/production/mcc_generated_files/adc/src/adc0.o
 .debug_loc     0x0000000000000147       0x3f build/free/production/mcc_generated_files/opamp/src/opamp.o
 .debug_loc     0x0000000000000186       0x52 build/free/production/mcc_generated_files/system/src/system.o
 .debug_loc     0x00000000000001d8       0x2b build/free/production/mcc_generated_files/system/src/interrupt.o
 .debug_loc     0x0000000000000203      0x263 build/free/production/mcc_generated_files/system/src/clock.o
 .debug_loc     0x0000000000000466       0x9e build/free/production/mcc_generated_files/uart/src/usart3.o
 .debug_loc     0x0000000000000504       0x78 build/free/production/main.o

.debug_macinfo
 *(.debug_macinfo)

.debug_weaknames
 *(.debug_weaknames)

.debug_funcnames
 *(.debug_funcnames)

.debug_typenames
 *(.debug_typenames)

.debug_varnames
 *(.debug_varnames)

.debug_pubtypes
 *(.debug_pubtypes)

.debug_ranges   0x0000000000000000      0x420
 *(.debug_ranges)
 .debug_ranges  0x0000000000000000       0xb8 build/free/production/mcc_generated_files/adc/src/adc0.o
 .debug_ranges  0x00000000000000b8       0x28 build/free/production/mcc_generated_files/ccl/src/ccl.o
 .debug_ranges  0x00000000000000e0       0x20 build/free/production/mcc_generated_files/evsys/src/evsys.o
 .debug_ranges  0x0000000000000100       0x40 build/free/production/mcc_generated_files/opamp/src/opamp.o
 .debug_ranges  0x0000000000000140       0x18 build/free/production/mcc_generated_files/system/src/system.o
 .debug_ranges  0x0000000000000158       0x10 build/free/production/mcc_generated_files/system/src/interrupt.o
 .debug_ranges  0x0000000000000168       0xa0 build/free/production/mcc_generated_files/system/src/pins.o
 .debug_ranges  0x0000000000000208       0x20 build/free/production/mcc_generated_files/system/src/clock.o
 .debug_ranges  0x0000000000000228       0xa8 build/free/production/mcc_generated_files/timer/src/rtc.o
 .debug_ranges  0x00000000000002d0       0xd0 build/free/production/mcc_generated_files/uart/src/usart3.o
 .debug_ranges  0x00000000000003a0       0x10 build/free/production/mcc_generated_files/vref/src/vref.o
 .debug_ranges  0x00000000000003b0       0x38 build/free/production/main.o
 .debug_ranges  0x00000000000003e8       0x38 build/free/production/ADCPrint.o

.debug_macro
 *(.debug_macro)
OUTPUT(dist/free/production/avr128db48-analog-demo-mplab-mcc.X.production.elf elf32-avr)
LOAD linker stubs
LOAD data_init

.note.gnu.avr.deviceinfo
                0x0000000000000000       0x40
 .note.gnu.avr.deviceinfo
                0x0000000000000000       0x40 C:/Program Files/Microchip/MPLABX/v6.15/packs/Microchip/AVR-Dx_DFP/2.3.272/xc8/avr/lib/avrxmega4/memx-const/crtavr128db48.o

.bss.ADC0_resrdy_cb
                0x0000000000804034        0x2
 .bss.ADC0_resrdy_cb
                0x0000000000804034        0x2 build/free/production/mcc_generated_files/adc/src/adc0.o
                0x0000000000804034                ADC0_resrdy_cb

.bss.ADC0_window_cb
                0x0000000000804036        0x2
 .bss.ADC0_window_cb
                0x0000000000804036        0x2 build/free/production/mcc_generated_files/adc/src/adc0.o
                0x0000000000804036                ADC0_window_cb

.bss.LUT4_OUT_InterruptHandler
                0x0000000000804038        0x2
 .bss.LUT4_OUT_InterruptHandler
                0x0000000000804038        0x2 build/free/production/mcc_generated_files/ccl/src/ccl.o

.bss.PB3_InterruptHandler
                0x000000000080403a        0x2
 .bss.PB3_InterruptHandler
                0x000000000080403a        0x2 build/free/production/mcc_generated_files/system/src/pins.o

.bss.PD2_InterruptHandler
                0x000000000080403c        0x2
 .bss.PD2_InterruptHandler
                0x000000000080403c        0x2 build/free/production/mcc_generated_files/system/src/pins.o

.bss.PD1_InterruptHandler
                0x000000000080403e        0x2
 .bss.PD1_InterruptHandler
                0x000000000080403e        0x2 build/free/production/mcc_generated_files/system/src/pins.o

.bss.PB2_InterruptHandler
                0x0000000000804040        0x2
 .bss.PB2_InterruptHandler
                0x0000000000804040        0x2 build/free/production/mcc_generated_files/system/src/pins.o

.bss.PB0_InterruptHandler
                0x0000000000804042        0x2
 .bss.PB0_InterruptHandler
                0x0000000000804042        0x2 build/free/production/mcc_generated_files/system/src/pins.o

.bss.PB1_InterruptHandler
                0x0000000000804044        0x2
 .bss.PB1_InterruptHandler
                0x0000000000804044        0x2 build/free/production/mcc_generated_files/system/src/pins.o

.bss.RTC_PIT_isr_cb
                0x0000000000804046        0x2
 .bss.RTC_PIT_isr_cb
                0x0000000000804046        0x2 build/free/production/mcc_generated_files/timer/src/rtc.o
                0x0000000000804046                RTC_PIT_isr_cb

.bss.RTC_CMP_isr_cb
                0x0000000000804048        0x2
 .bss.RTC_CMP_isr_cb
                0x0000000000804048        0x2 build/free/production/mcc_generated_files/timer/src/rtc.o
                0x0000000000804048                RTC_CMP_isr_cb

.bss.RTC_OVF_isr_cb
                0x000000000080404a        0x2
 .bss.RTC_OVF_isr_cb
                0x000000000080404a        0x2 build/free/production/mcc_generated_files/timer/src/rtc.o
                0x000000000080404a                RTC_OVF_isr_cb

.bss.usart3RxLastError
                0x000000000080404c        0x2
 .bss.usart3RxLastError
                0x000000000080404c        0x2 build/free/production/mcc_generated_files/uart/src/usart3.o

.bss.gainFlag   0x0000000000804052        0x1
 .bss.gainFlag  0x0000000000804052        0x1 build/free/production/ADCPrint.o

.bss.resultFlag
                0x0000000000804053        0x1
 .bss.resultFlag
                0x0000000000804053        0x1 build/free/production/ADCPrint.o

.bss.__stdout   0x0000000000804050        0x2
 .bss.__stdout  0x0000000000804050        0x2 c:/program files/microchip/xc8/v2.45/avr/bin/../lib/gcc/avr/5.4.0/../../../../avr/lib/avrxmega4/memx-const\libc.a(stdout.o)

.progmemx.data  0x000000000000016a       0x59
 .progmemx.data
                0x000000000000016a       0x59 build/free/production/main.o

.progmemx.data.state_table
                0x00000000000001c3       0x16
 .progmemx.data.state_table
                0x00000000000001c3       0x16 c:/program files/microchip/xc8/v2.45/avr/bin/../lib/gcc/avr/5.4.0/../../../../avr/lib/avrxmega4/memx-const\libc.a(__printf_core.o)

.progmemx.data  0x00000000000001d9       0x10
 .progmemx.data
                0x00000000000001d9       0x10 c:/program files/microchip/xc8/v2.45/avr/bin/../lib/gcc/avr/5.4.0/../../../../avr/lib/avrxmega4/memx-const\libc.a(__fmt_fp.o)

.progmemx.data.nuls.2781
                0x00000000000001e9        0x7
 .progmemx.data.nuls.2781
                0x00000000000001e9        0x7 c:/program files/microchip/xc8/v2.45/avr/bin/../lib/gcc/avr/5.4.0/../../../../avr/lib/avrxmega4/memx-const\libc.a(__fmt_s.o)

.progmemx.data.nilstr.2962
                0x00000000000001f0        0x6
 .progmemx.data.nilstr.2962
                0x00000000000001f0        0x6 c:/program files/microchip/xc8/v2.45/avr/bin/../lib/gcc/avr/5.4.0/../../../../avr/lib/avrxmega4/memx-const\libc.a(__printf_core.o)

.text.__fmt_fp  0x00000000000001f6      0x758
 .text.__fmt_fp
                0x00000000000001f6      0x758 c:/program files/microchip/xc8/v2.45/avr/bin/../lib/gcc/avr/5.4.0/../../../../avr/lib/avrxmega4/memx-const\libc.a(__fmt_fp.o)
                0x00000000000001f6                __fmt_f_needed
                0x00000000000001f6                __fmt_fp

.text.vfpfcnvrt
                0x000000000000094e      0x4d2
 .text.vfpfcnvrt
                0x000000000000094e      0x4d2 c:/program files/microchip/xc8/v2.45/avr/bin/../lib/gcc/avr/5.4.0/../../../../avr/lib/avrxmega4/memx-const\libc.a(__printf_core.o)
                0x000000000000094e                vfpfcnvrt

.text.PIN_MANAGER_Initialize
                0x0000000000000e20      0x146
 .text.PIN_MANAGER_Initialize
                0x0000000000000e20      0x146 build/free/production/mcc_generated_files/system/src/pins.o
                0x0000000000000e20                PIN_MANAGER_Initialize

.text.main      0x0000000000000f66      0x124
 .text.main     0x0000000000000f66      0x124 build/free/production/main.o
                0x0000000000000f66                main

.text.floorf    0x000000000000108a       0xe6
 .text.floorf   0x000000000000108a       0xe6 c:/program files/microchip/xc8/v2.45/avr/bin/../lib/gcc/avr/5.4.0/../../../../avr/lib/avrxmega4/memx-const\libm.a(floorf.o)
                0x000000000000108a                floorf

.text           0x0000000000001170       0xde
 .text          0x0000000000001170       0xde c:/program files/microchip/xc8/v2.45/avr/bin/../lib/gcc/avr/5.4.0/../../../../avr/lib/avrxmega4/memx-const\libm.a(divsf3x.o)
                0x0000000000001170                __divsf3x
                0x0000000000001198                __divsf3_pse

.text           0x000000000000124e       0xd4
 .text          0x000000000000124e       0xd4 c:/program files/microchip/xc8/v2.45/avr/bin/../lib/gcc/avr/5.4.0/../../../../avr/lib/avrxmega4/memx-const\libm.a(mulsf3x.o)
                0x000000000000124e                __mulsf3x
                0x0000000000001274                __mulsf3_pse

.text           0x0000000000001322       0xce
 .text          0x0000000000001322       0xce c:/program files/microchip/xc8/v2.45/avr/bin/../lib/gcc/avr/5.4.0/../../../../avr/lib/avrxmega4/memx-const\libm.a(addsf3x.o)
                0x0000000000001322                __addsf3x

.text.EVSYS_Initialize
                0x00000000000013f0       0xac
 .text.EVSYS_Initialize
                0x00000000000013f0       0xac build/free/production/mcc_generated_files/evsys/src/evsys.o
                0x00000000000013f0                EVSYS_Initialize

.text.__fmt_state
                0x000000000000149c       0xa4
 .text.__fmt_state
                0x000000000000149c       0xa4 c:/program files/microchip/xc8/v2.45/avr/bin/../lib/gcc/avr/5.4.0/../../../../avr/lib/avrxmega4/memx-const\libc.a(__printf_core.o)
                0x000000000000149c                __fmt_state

.text.CLOCK_Initialize
                0x0000000000001540       0x9c
 .text.CLOCK_Initialize
                0x0000000000001540       0x9c build/free/production/mcc_generated_files/system/src/clock.o
                0x0000000000001540                CLOCK_Initialize

.text.fputc     0x00000000000015dc       0x98
 .text.fputc    0x00000000000015dc       0x98 c:/program files/microchip/xc8/v2.45/avr/bin/../lib/gcc/avr/5.4.0/../../../../avr/lib/avrxmega4/memx-const\libc.a(fputc.o)
                0x00000000000015dc                fputc
                0x00000000000015dc                putc

.text.__pad     0x0000000000001674       0x96
 .text.__pad    0x0000000000001674       0x96 c:/program files/microchip/xc8/v2.45/avr/bin/../lib/gcc/avr/5.4.0/../../../../avr/lib/avrxmega4/memx-const\libc.a(__printf_core.o)
                0x0000000000001674                __pad

.text.__printf_core
                0x000000000000170a       0x92
 .text.__printf_core
                0x000000000000170a       0x92 c:/program files/microchip/xc8/v2.45/avr/bin/../lib/gcc/avr/5.4.0/../../../../avr/lib/avrxmega4/memx-const\libc.a(__printf_core.o)
                0x000000000000170a                __printf_core

.text.__vector_45
                0x000000000000179c       0x88
 .text.__vector_45
                0x000000000000179c       0x88 build/free/production/mcc_generated_files/system/src/pins.o
                0x000000000000179c                __vector_45

.text.__vector_5
                0x0000000000001824       0x7e
 .text.__vector_5
                0x0000000000001824       0x7e build/free/production/mcc_generated_files/timer/src/rtc.o
                0x0000000000001824                __vector_5

.text.read_prec_or_width
                0x00000000000018a2       0x7e
 .text.read_prec_or_width
                0x00000000000018a2       0x7e c:/program files/microchip/xc8/v2.45/avr/bin/../lib/gcc/avr/5.4.0/../../../../avr/lib/avrxmega4/memx-const\libc.a(__printf_core.o)

.text           0x0000000000001920       0x7a
 .text          0x0000000000001920       0x7a c:/program files/microchip/xc8/v2.45/avr/bin/../lib/gcc/avr/5.4.0/../../../../avr/lib/avrxmega4/memx-const\libm.a(floatsisf.o)
                0x0000000000001920                __floatunsisf
                0x0000000000001924                __floatsisf

.text.__fmt_s   0x000000000000199a       0x7a
 .text.__fmt_s  0x000000000000199a       0x7a c:/program files/microchip/xc8/v2.45/avr/bin/../lib/gcc/avr/5.4.0/../../../../avr/lib/avrxmega4/memx-const\libc.a(__fmt_s.o)
                0x000000000000199a                __fmt_s
                0x000000000000199a                __fmt_0_needed
                0x000000000000199a                __fmt_s_needed

.text.__vector_24
                0x0000000000001a14       0x6c
 .text.__vector_24
                0x0000000000001a14       0x6c build/free/production/mcc_generated_files/system/src/pins.o
                0x0000000000001a14                __vector_24

.text.__out     0x0000000000001a80       0x6a
 .text.__out    0x0000000000001a80       0x6a c:/program files/microchip/xc8/v2.45/avr/bin/../lib/gcc/avr/5.4.0/../../../../avr/lib/avrxmega4/memx-const\libc.a(__printf_core.o)
                0x0000000000001a80                __out

.text.__vector_7
                0x0000000000001aea       0x64
 .text.__vector_7
                0x0000000000001aea       0x64 build/free/production/mcc_generated_files/ccl/src/ccl.o
                0x0000000000001aea                __vector_7

.text.__vector_27
                0x0000000000001b4e       0x60
 .text.__vector_27
                0x0000000000001b4e       0x60 build/free/production/mcc_generated_files/adc/src/adc0.o
                0x0000000000001b4e                __vector_27

.text.__vector_26
                0x0000000000001bae       0x60
 .text.__vector_26
                0x0000000000001bae       0x60 build/free/production/mcc_generated_files/adc/src/adc0.o
                0x0000000000001bae                __vector_26

.text.__vector_6
                0x0000000000001c0e       0x60
 .text.__vector_6
                0x0000000000001c0e       0x60 build/free/production/mcc_generated_files/timer/src/rtc.o
                0x0000000000001c0e                __vector_6

.text           0x0000000000001c6e       0x5e
 .text          0x0000000000001c6e       0x5e c:/program files/microchip/xc8/v2.45/avr/bin/../lib/gcc/avr/5.4.0/../../../../avr/lib/avrxmega4/memx-const\libm.a(fixunssfsi.o)
                0x0000000000001c6e                __fixunssfsi

.text.CCL_Initialize
                0x0000000000001ccc       0x5c
 .text.CCL_Initialize
                0x0000000000001ccc       0x5c build/free/production/mcc_generated_files/ccl/src/ccl.o
                0x0000000000001ccc                CCL_Initialize

.text.USART3_Initialize
                0x0000000000001d28       0x5c
 .text.USART3_Initialize
                0x0000000000001d28       0x5c build/free/production/mcc_generated_files/uart/src/usart3.o
                0x0000000000001d28                USART3_Initialize

.text.adjustGain
                0x0000000000001d84       0x5c
 .text.adjustGain
                0x0000000000001d84       0x5c build/free/production/main.o
                0x0000000000001d84                adjustGain

.text           0x0000000000001de0       0x48
 .text          0x0000000000001de0       0x48 c:/program files/microchip/xc8/v2.45/avr/bin/../lib/gcc/avr/5.4.0/../../../../avr/lib/avrxmega4/memx-const\libm.a(fp_cmp.o)
                0x0000000000001de0                __fp_cmp

.text           0x0000000000001e28       0x44
 .text          0x0000000000001e28       0x44 c:/program files/microchip/xc8/v2.45/avr/bin/../lib/gcc/avr/5.4.0/../../../../avr/lib/avrxmega4/memx-const\libm.a(fp_split3.o)
                0x0000000000001e28                __fp_split3
                0x0000000000001e38                __fp_splitA

.text.__pop_float
                0x0000000000001e6c       0x40
 .text.__pop_float
                0x0000000000001e6c       0x40 c:/program files/microchip/xc8/v2.45/avr/bin/../lib/gcc/avr/5.4.0/../../../../avr/lib/avrxmega4/memx-const\libc.a(__pop_float.o)
                0x0000000000001e6c                __pop_float_needed
                0x0000000000001e6c                __pop_float

.text.OPAMP_Initialize
                0x0000000000001eac       0x36
 .text.OPAMP_Initialize
                0x0000000000001eac       0x36 build/free/production/mcc_generated_files/opamp/src/opamp.o
                0x0000000000001eac                OPAMP_Initialize

.text.ADC0_Initialize
                0x0000000000001ee2       0x34
 .text.ADC0_Initialize
                0x0000000000001ee2       0x34 build/free/production/mcc_generated_files/adc/src/adc0.o
                0x0000000000001ee2                ADC0_Initialize

.text.RTC_Initialize
                0x0000000000001f16       0x34
 .text.RTC_Initialize
                0x0000000000001f16       0x34 build/free/production/mcc_generated_files/timer/src/rtc.o
                0x0000000000001f16                RTC_Initialize

.text.getCurrentGain
                0x0000000000001f4a       0x34
 .text.getCurrentGain
                0x0000000000001f4a       0x34 build/free/production/main.o
                0x0000000000001f4a                getCurrentGain

.text.__wrap_printf
                0x0000000000001f7e       0x32
 .text.__wrap_printf
                0x0000000000001f7e       0x32 c:/program files/microchip/xc8/v2.45/avr/bin/../lib/gcc/avr/5.4.0/../../../../avr/lib/avrxmega4/memx-const\libc.a(__sio_printf_fs.o)
                0x0000000000001f7e                _printf_eEs
                0x0000000000001f7e                _printf_eEfFs
                0x0000000000001f7e                _printf_gGs
                0x0000000000001f7e                _printf_eEfFgGs
                0x0000000000001f7e                _printf_fFgGs
                0x0000000000001f7e                _printf_fFs
                0x0000000000001f7e                _printf_eEgGs

.text.libgcc.prologue
                0x0000000000001fb0       0x32
 .text.libgcc.prologue
                0x0000000000001fb0       0x32 c:/program files/microchip/xc8/v2.45/avr/bin/../lib/gcc/avr/5.4.0/avrxmega4/memx-const\libgcc.a(_prologue.o)
                0x0000000000001fb0                __prologue_saves__

.text.__vfprintf
                0x0000000000001fe2       0x30
 .text.__vfprintf
                0x0000000000001fe2       0x30 c:/program files/microchip/xc8/v2.45/avr/bin/../lib/gcc/avr/5.4.0/../../../../avr/lib/avrxmega4/memx-const\libc.a(__int_vfprintf.o)
                0x0000000000001fe2                __vfprintf

.text.libgcc.prologue
                0x0000000000002012       0x30
 .text.libgcc.prologue
                0x0000000000002012       0x30 c:/program files/microchip/xc8/v2.45/avr/bin/../lib/gcc/avr/5.4.0/avrxmega4/memx-const\libgcc.a(_epilogue.o)
                0x0000000000002012                __epilogue_restores__

.text.SYSTEM_Initialize
                0x0000000000002042       0x2e
 .text.SYSTEM_Initialize
                0x0000000000002042       0x2e build/free/production/mcc_generated_files/system/src/system.o
                0x0000000000002042                SYSTEM_Initialize

.text.libgcc.div
                0x0000000000002070       0x28
 .text.libgcc.div
                0x0000000000002070       0x28 c:/program files/microchip/xc8/v2.45/avr/bin/../lib/gcc/avr/5.4.0/avrxmega4/memx-const\libgcc.a(_divmodhi4.o)
                0x0000000000002070                _div
                0x0000000000002070                __divmodhi4

.text.libgcc.div
                0x0000000000002098       0x28
 .text.libgcc.div
                0x0000000000002098       0x28 c:/program files/microchip/xc8/v2.45/avr/bin/../lib/gcc/avr/5.4.0/avrxmega4/memx-const\libgcc.a(_udivmodhi4.o)
                0x0000000000002098                __udivmodhi4

.text.strlen    0x00000000000020c0       0x24
 .text.strlen   0x00000000000020c0       0x24 c:/program files/microchip/xc8/v2.45/avr/bin/../lib/gcc/avr/5.4.0/../../../../avr/lib/avrxmega4/memx-const\libc.a(strlen.o)
                0x00000000000020c0                strlen

.text           0x00000000000020e4       0x22
 .text          0x00000000000020e4       0x22 c:/program files/microchip/xc8/v2.45/avr/bin/../lib/gcc/avr/5.4.0/../../../../avr/lib/avrxmega4/memx-const\libm.a(fp_round.o)
                0x00000000000020e4                __fp_round

.text.SLPCTRL_Initialize
                0x0000000000002106       0x1c
 .text.SLPCTRL_Initialize
                0x0000000000002106       0x1c build/free/production/mcc_generated_files/system/src/system.o
                0x0000000000002106                SLPCTRL_Initialize

.text.strcpy    0x0000000000002122       0x1c
 .text.strcpy   0x0000000000002122       0x1c c:/program files/microchip/xc8/v2.45/avr/bin/../lib/gcc/avr/5.4.0/../../../../avr/lib/avrxmega4/memx-const\libc.a(strcpy.o)
                0x0000000000002122                strcpy

.text.CPUINT_Initialize
                0x000000000000213e       0x1a
 .text.CPUINT_Initialize
                0x000000000000213e       0x1a build/free/production/mcc_generated_files/system/src/interrupt.o
                0x000000000000213e                CPUINT_Initialize

.text.USART3_printCHAR
                0x0000000000002158       0x18
 .text.USART3_printCHAR
                0x0000000000002158       0x18 build/free/production/mcc_generated_files/uart/src/usart3.o
                0x0000000000002158                USART3_printCHAR

.text.enableRTCStandby
                0x0000000000002170       0x16
 .text.enableRTCStandby
                0x0000000000002170       0x16 build/free/production/main.o
                0x0000000000002170                enableRTCStandby

.text.exit      0x0000000000002186       0x16
 .text.exit     0x0000000000002186       0x16 c:/program files/microchip/xc8/v2.45/avr/bin/../lib/gcc/avr/5.4.0/../../../../avr/lib/avrxmega4/memx-const\libc.a(exit.o)
                0x0000000000002186                exit

.text.memset    0x000000000000219c       0x12
 .text.memset   0x000000000000219c       0x12 c:/program files/microchip/xc8/v2.45/avr/bin/../lib/gcc/avr/5.4.0/../../../../avr/lib/avrxmega4/memx-const\libc.a(memset.o)
                0x000000000000219c                memset

.text.VREF_Initialize
                0x00000000000021ae       0x10
 .text.VREF_Initialize
                0x00000000000021ae       0x10 build/free/production/mcc_generated_files/vref/src/vref.o
                0x00000000000021ae                VREF_Initialize

.text.waitForUART
                0x00000000000021be       0x10
 .text.waitForUART
                0x00000000000021be       0x10 build/free/production/main.o
                0x00000000000021be                waitForUART

.text.tolower   0x00000000000021ce       0x10
 .text.tolower  0x00000000000021ce       0x10 c:/program files/microchip/xc8/v2.45/avr/bin/../lib/gcc/avr/5.4.0/../../../../avr/lib/avrxmega4/memx-const\libc.a(tolower.o)
                0x00000000000021ce                tolower

.text.OPAMP_IsOP0Settled
                0x00000000000021de        0xe
 .text.OPAMP_IsOP0Settled
                0x00000000000021de        0xe build/free/production/mcc_generated_files/opamp/src/opamp.o
                0x00000000000021de                OPAMP_IsOP0Settled

.text           0x00000000000021ec        0xe
 .text          0x00000000000021ec        0xe c:/program files/microchip/xc8/v2.45/avr/bin/../lib/gcc/avr/5.4.0/../../../../avr/lib/avrxmega4/memx-const\libm.a(fp_pscA.o)
                0x00000000000021ec                __fp_pscA

.text           0x00000000000021fa        0xe
 .text          0x00000000000021fa        0xe c:/program files/microchip/xc8/v2.45/avr/bin/../lib/gcc/avr/5.4.0/../../../../avr/lib/avrxmega4/memx-const\libm.a(fp_pscB.o)
                0x00000000000021fa                __fp_pscB

.text           0x0000000000002208        0xe
 .text          0x0000000000002208        0xe c:/program files/microchip/xc8/v2.45/avr/bin/../lib/gcc/avr/5.4.0/../../../../avr/lib/avrxmega4/memx-const\libm.a(fp_zero.o)
                0x0000000000002208                __fp_zero
                0x000000000000220a                __fp_szero

.text.libgcc    0x0000000000002216        0xe
 .text.libgcc   0x0000000000002216        0xe c:/program files/microchip/xc8/v2.45/avr/bin/../lib/gcc/avr/5.4.0/avrxmega4/memx-const\libgcc.a(_xload_1.o)
                0x0000000000002216                __xload_1

.text           0x0000000000002224        0xe
 .text          0x0000000000002224        0xe c:/program files/microchip/xc8/v2.45/avr/bin/../lib/gcc/avr/5.4.0/../../../../avr/lib/avrxmega4/memx-const\libm.a(addsf3.o)
                0x0000000000002224                __subsf3
                0x0000000000002226                __addsf3

.text           0x0000000000002232        0xe
 .text          0x0000000000002232        0xe c:/program files/microchip/xc8/v2.45/avr/bin/../lib/gcc/avr/5.4.0/../../../../avr/lib/avrxmega4/memx-const\libm.a(fixsfsi.o)
                0x0000000000002232                __fixsfsi

.text.OPAMP_EnableSystem
                0x0000000000002240        0xc
 .text.OPAMP_EnableSystem
                0x0000000000002240        0xc build/free/production/mcc_generated_files/opamp/src/opamp.o
                0x0000000000002240                OPAMP_EnableSystem

.text.OPAMP_DisableSystem
                0x000000000000224c        0xc
 .text.OPAMP_DisableSystem
                0x000000000000224c        0xc build/free/production/mcc_generated_files/opamp/src/opamp.o
                0x000000000000224c                OPAMP_DisableSystem

.text.RTC_Start
                0x0000000000002258        0xc
 .text.RTC_Start
                0x0000000000002258        0xc build/free/production/mcc_generated_files/timer/src/rtc.o
                0x0000000000002258                RTC_Start

.text.RTC_Stop  0x0000000000002264        0xc
 .text.RTC_Stop
                0x0000000000002264        0xc build/free/production/mcc_generated_files/timer/src/rtc.o
                0x0000000000002264                RTC_Stop

.text.USART3_IsTxReady
                0x0000000000002270        0xc
 .text.USART3_IsTxReady
                0x0000000000002270        0xc build/free/production/mcc_generated_files/uart/src/usart3.o
                0x0000000000002270                USART3_IsTxReady

.text.USART3_IsTxDone
                0x000000000000227c        0xc
 .text.USART3_IsTxDone
                0x000000000000227c        0xc build/free/production/mcc_generated_files/uart/src/usart3.o
                0x000000000000227c                USART3_IsTxDone

.text           0x0000000000002288        0xc
 .text          0x0000000000002288        0xc c:/program files/microchip/xc8/v2.45/avr/bin/../lib/gcc/avr/5.4.0/../../../../avr/lib/avrxmega4/memx-const\libm.a(fp_inf.o)
                0x0000000000002288                __fp_inf

.text.ADC0_GetConversionResult
                0x0000000000002294        0xa
 .text.ADC0_GetConversionResult
                0x0000000000002294        0xa build/free/production/mcc_generated_files/adc/src/adc0.o
                0x0000000000002294                ADC0_GetConversionResult

.text.ADC0_RegisterResrdyCallback
                0x000000000000229e        0xa
 .text.ADC0_RegisterResrdyCallback
                0x000000000000229e        0xa build/free/production/mcc_generated_files/adc/src/adc0.o
                0x000000000000229e                ADC0_RegisterResrdyCallback

.text.LUT4_OUT_SetInterruptHandler
                0x00000000000022a8        0xa
 .text.LUT4_OUT_SetInterruptHandler
                0x00000000000022a8        0xa build/free/production/mcc_generated_files/ccl/src/ccl.o
                0x00000000000022a8                LUT4_OUT_SetInterruptHandler

.text.__vector_8
                0x00000000000022b2        0xa
 .text.__vector_8
                0x00000000000022b2        0xa build/free/production/mcc_generated_files/system/src/pins.o
                0x00000000000022b2                __vector_8

.text.__vector_30
                0x00000000000022bc        0xa
 .text.__vector_30
                0x00000000000022bc        0xa build/free/production/mcc_generated_files/system/src/pins.o
                0x00000000000022bc                __vector_30

.text.__vector_46
                0x00000000000022c6        0xa
 .text.__vector_46
                0x00000000000022c6        0xa build/free/production/mcc_generated_files/system/src/pins.o
                0x00000000000022c6                __vector_46

.text.__vector_35
                0x00000000000022d0        0xa
 .text.__vector_35
                0x00000000000022d0        0xa build/free/production/mcc_generated_files/system/src/pins.o
                0x00000000000022d0                __vector_35

.text.protected_write_io
                0x00000000000022da        0xa
 .text.protected_write_io
                0x00000000000022da        0xa build/free/production/mcc_generated_files/system/src/protected_io.o
                0x00000000000022da                protected_write_io

.text.onButtonPress
                0x00000000000022e4        0xa
 .text.onButtonPress
                0x00000000000022e4        0xa build/free/production/main.o
                0x00000000000022e4                onButtonPress

.text           0x00000000000022ee        0xa
 .text          0x00000000000022ee        0xa c:/program files/microchip/xc8/v2.45/avr/bin/../lib/gcc/avr/5.4.0/../../../../avr/lib/avrxmega4/memx-const\libm.a(cmpsf2.o)
                0x00000000000022ee                __nesf2
                0x00000000000022ee                __eqsf2
                0x00000000000022ee                __cmpsf2
                0x00000000000022ee                __ltsf2
                0x00000000000022ee                __lesf2

.text           0x00000000000022f8        0xa
 .text          0x00000000000022f8        0xa c:/program files/microchip/xc8/v2.45/avr/bin/../lib/gcc/avr/5.4.0/../../../../avr/lib/avrxmega4/memx-const\libm.a(gesf2.o)
                0x00000000000022f8                __gesf2
                0x00000000000022f8                __gtsf2

.text.setResultFlag
                0x0000000000002302        0x8
 .text.setResultFlag
                0x0000000000002302        0x8 build/free/production/ADCPrint.o
                0x0000000000002302                setResultFlag

.text.setGainFlag
                0x000000000000230a        0x8
 .text.setGainFlag
                0x000000000000230a        0x8 build/free/production/ADCPrint.o
                0x000000000000230a                setGainFlag

.text           0x0000000000002312        0x8
 .text          0x0000000000002312        0x8 c:/program files/microchip/xc8/v2.45/avr/bin/../lib/gcc/avr/5.4.0/../../../../avr/lib/avrxmega4/memx-const\libm.a(mulsf3.o)
                0x0000000000002312                __mulsf3

.text           0x000000000000231a        0x8
 .text          0x000000000000231a        0x8 c:/program files/microchip/xc8/v2.45/avr/bin/../lib/gcc/avr/5.4.0/../../../../avr/lib/avrxmega4/memx-const\libm.a(divsf3.o)
                0x000000000000231a                __divsf3

.text.USART3_Write
                0x0000000000002322        0x6
 .text.USART3_Write
                0x0000000000002322        0x6 build/free/production/mcc_generated_files/uart/src/usart3.o
                0x0000000000002322                USART3_Write

.text.clearResultFlag
                0x0000000000002328        0x6
 .text.clearResultFlag
                0x0000000000002328        0x6 build/free/production/ADCPrint.o
                0x0000000000002328                clearResultFlag

.text.getResultFlag
                0x000000000000232e        0x6
 .text.getResultFlag
                0x000000000000232e        0x6 build/free/production/ADCPrint.o
                0x000000000000232e                getResultFlag

.text.clearGainFlag
                0x0000000000002334        0x6
 .text.clearGainFlag
                0x0000000000002334        0x6 build/free/production/ADCPrint.o
                0x0000000000002334                clearGainFlag

.text.getGainFlag
                0x000000000000233a        0x6
 .text.getGainFlag
                0x000000000000233a        0x6 build/free/production/ADCPrint.o
                0x000000000000233a                getGainFlag

.text           0x0000000000002340        0x6
 .text          0x0000000000002340        0x6 c:/program files/microchip/xc8/v2.45/avr/bin/../lib/gcc/avr/5.4.0/../../../../avr/lib/avrxmega4/memx-const\libm.a(fp_nan.o)
                0x0000000000002340                __fp_nan

.text           0x0000000000002346        0x4
 .text          0x0000000000002346        0x4 C:/Program Files/Microchip/MPLABX/v6.15/packs/Microchip/AVR-Dx_DFP/2.3.272/xc8/avr/lib/avrxmega4/memx-const/crtavr128db48.o
                0x0000000000002346                __vector_38
                0x0000000000002346                __vector_22
                0x0000000000002346                __vector_28
                0x0000000000002346                __vector_1
                0x0000000000002346                __vector_32
                0x0000000000002346                __vector_34
                0x0000000000002346                __vector_12
                0x0000000000002346                __vector_55
                0x0000000000002346                __bad_interrupt
                0x0000000000002346                __vector_31
                0x0000000000002346                __vector_39
                0x0000000000002346                __vector_3
                0x0000000000002346                __vector_23
                0x0000000000002346                __vector_25
                0x0000000000002346                __vector_11
                0x0000000000002346                __vector_54
                0x0000000000002346                __vector_13
                0x0000000000002346                __vector_17
                0x0000000000002346                __vector_19
                0x0000000000002346                __vector_56
                0x0000000000002346                __vector_49
                0x0000000000002346                __vector_41
                0x0000000000002346                __vector_43
                0x0000000000002346                __vector_33
                0x0000000000002346                __vector_47
                0x0000000000002346                __vector_52
                0x0000000000002346                __vector_37
                0x0000000000002346                __vector_4
                0x0000000000002346                __vector_44
                0x0000000000002346                __vector_51
                0x0000000000002346                __vector_9
                0x0000000000002346                __vector_2
                0x0000000000002346                __vector_21
                0x0000000000002346                __vector_15
                0x0000000000002346                __vector_36
                0x0000000000002346                __vector_58
                0x0000000000002346                __vector_29
                0x0000000000002346                __vector_60
                0x0000000000002346                __vector_40
                0x0000000000002346                __vector_48
                0x0000000000002346                __vector_14
                0x0000000000002346                __vector_57
                0x0000000000002346                __vector_53
                0x0000000000002346                __vector_10
                0x0000000000002346                __vector_50
                0x0000000000002346                __vector_16
                0x0000000000002346                __vector_59
                0x0000000000002346                __vector_18
                0x0000000000002346                __vector_20
                0x0000000000002346                __vector_42

.text._Exit     0x000000000000234a        0x4
 .text._Exit    0x000000000000234a        0x4 c:/program files/microchip/xc8/v2.45/avr/bin/../lib/gcc/avr/5.4.0/../../../../avr/lib/avrxmega4/memx-const\libc.a(_Exit.o)
                0x000000000000234a                _Exit

.text.LUT4_OUT_DefaultInterruptHandler
                0x000000000000234e        0x2
 .text.LUT4_OUT_DefaultInterruptHandler
                0x000000000000234e        0x2 build/free/production/mcc_generated_files/ccl/src/ccl.o
                0x000000000000234e                LUT4_OUT_DefaultInterruptHandler

.text.PB1_DefaultInterruptHandler
                0x0000000000002350        0x2
 .text.PB1_DefaultInterruptHandler
                0x0000000000002350        0x2 build/free/production/mcc_generated_files/system/src/pins.o
                0x0000000000002350                PB1_DefaultInterruptHandler

.text.PB0_DefaultInterruptHandler
                0x0000000000002352        0x2
 .text.PB0_DefaultInterruptHandler
                0x0000000000002352        0x2 build/free/production/mcc_generated_files/system/src/pins.o
                0x0000000000002352                PB0_DefaultInterruptHandler

.text.PB2_DefaultInterruptHandler
                0x0000000000002354        0x2
 .text.PB2_DefaultInterruptHandler
                0x0000000000002354        0x2 build/free/production/mcc_generated_files/system/src/pins.o
                0x0000000000002354                PB2_DefaultInterruptHandler

.text.PD1_DefaultInterruptHandler
                0x0000000000002356        0x2
 .text.PD1_DefaultInterruptHandler
                0x0000000000002356        0x2 build/free/production/mcc_generated_files/system/src/pins.o
                0x0000000000002356                PD1_DefaultInterruptHandler

.text.PD2_DefaultInterruptHandler
                0x0000000000002358        0x2
 .text.PD2_DefaultInterruptHandler
                0x0000000000002358        0x2 build/free/production/mcc_generated_files/system/src/pins.o
                0x0000000000002358                PD2_DefaultInterruptHandler

.text.PB3_DefaultInterruptHandler
                0x000000000000235a        0x2
 .text.PB3_DefaultInterruptHandler
                0x000000000000235a        0x2 build/free/production/mcc_generated_files/system/src/pins.o
                0x000000000000235a                PB3_DefaultInterruptHandler

.text.USART3_DefaultFramingErrorCallback
                0x000000000000235c        0x2
 .text.USART3_DefaultFramingErrorCallback
                0x000000000000235c        0x2 build/free/production/mcc_generated_files/uart/src/usart3.o

.text.USART3_DefaultOverrunErrorCallback
                0x000000000000235e        0x2
 .text.USART3_DefaultOverrunErrorCallback
                0x000000000000235e        0x2 build/free/production/mcc_generated_files/uart/src/usart3.o

.text.USART3_DefaultParityErrorCallback
                0x0000000000002360        0x2
 .text.USART3_DefaultParityErrorCallback
                0x0000000000002360        0x2 build/free/production/mcc_generated_files/uart/src/usart3.o

.text.__dummy_fini
                0x0000000000002362        0x2
 .text.__dummy_fini
                0x0000000000002362        0x2 c:/program files/microchip/xc8/v2.45/avr/bin/../lib/gcc/avr/5.4.0/../../../../avr/lib/avrxmega4/memx-const\libc.a(exit.o)
                0x0000000000002362                _fini

.text.__dummy_funcs_on_exit
                0x0000000000002364        0x2
 .text.__dummy_funcs_on_exit
                0x0000000000002364        0x2 c:/program files/microchip/xc8/v2.45/avr/bin/../lib/gcc/avr/5.4.0/../../../../avr/lib/avrxmega4/memx-const\libc.a(exit.o)
                0x0000000000002364                __funcs_on_exit

.text.__dummy_simulator_exit
                0x0000000000002366        0x2
 .text.__dummy_simulator_exit
                0x0000000000002366        0x2 c:/program files/microchip/xc8/v2.45/avr/bin/../lib/gcc/avr/5.4.0/../../../../avr/lib/avrxmega4/memx-const\libc.a(exit.o)
                0x0000000000002366                __simulator_exit

.data.gains     0x0000000000804008       0x1b load address 0x0000000000002368
 .data.gains    0x0000000000804008       0x1b build/free/production/main.o
                0x0000000000804008                gains

.data.USART3_stream
                0x0000000000804023       0x11 load address 0x0000000000002383
 .data.USART3_stream
                0x0000000000804023       0x11 build/free/production/mcc_generated_files/uart/src/usart3.o
                0x0000000000804023                USART3_stream

.data._stdout   0x000000000080404e        0x2 load address 0x0000000000002394
 .data._stdout  0x000000000080404e        0x2 c:/program files/microchip/xc8/v2.45/avr/bin/../lib/gcc/avr/5.4.0/../../../../avr/lib/avrxmega4/memx-const\libc.a(stdout.o)
                0x000000000080404e                _stdout
